Archive member included to satisfy reference by file (symbol)

c:/program files (x86)/atmel/studio/7.0/toolchain/avr8/avr8-gnu-toolchain/bin/../lib/gcc/avr/5.4.0/avr25\libgcc.a(_mulhi3.o)
                              FreqFromSi570.o (__mulhi3)
c:/program files (x86)/atmel/studio/7.0/toolchain/avr8/avr8-gnu-toolchain/bin/../lib/gcc/avr/5.4.0/avr25\libgcc.a(_udivmodhi4.o)
                              DeviceSi549.o (__udivmodhi4)
c:/program files (x86)/atmel/studio/7.0/toolchain/avr8/avr8-gnu-toolchain/bin/../lib/gcc/avr/5.4.0/avr25\libgcc.a(_udivmodsi4.o)
                              DeviceSi549.o (__udivmodsi4)
c:/program files (x86)/atmel/studio/7.0/toolchain/avr8/avr8-gnu-toolchain/bin/../lib/gcc/avr/5.4.0/avr25\libgcc.a(_exit.o)
                              c:/program files (x86)/atmel/studio/7.0/toolchain/avr8/avr8-gnu-toolchain/bin/../lib/gcc/avr/5.4.0/../../../../avr/lib/avr25/crtattiny85.o (exit)
c:/program files (x86)/atmel/studio/7.0/toolchain/avr8/avr8-gnu-toolchain/bin/../lib/gcc/avr/5.4.0/avr25\libgcc.a(_copy_data.o)
                              DeviceSi549.o (__do_copy_data)
c:/program files (x86)/atmel/studio/7.0/toolchain/avr8/avr8-gnu-toolchain/bin/../lib/gcc/avr/5.4.0/avr25\libgcc.a(_clear_bss.o)
                              DeviceSi549.o (__do_clear_bss)
c:/program files (x86)/atmel/studio/7.0/toolchain/avr8/avr8-gnu-toolchain/bin/../lib/gcc/avr/5.4.0/avr25\libgcc.a(_negdi2.o)
                              DeviceSi549.o (__negdi2)
c:/program files (x86)/atmel/studio/7.0/toolchain/avr8/avr8-gnu-toolchain/bin/../lib/gcc/avr/5.4.0/avr25\libgcc.a(_ashrdi3.o)
                              DeviceSi549.o (__lshrdi3)
c:/program files (x86)/atmel/studio/7.0/toolchain/avr8/avr8-gnu-toolchain/bin/../lib/gcc/avr/5.4.0/avr25\libgcc.a(_subdi3.o)
                              DeviceSi549.o (__subdi3)
c:/program files (x86)/atmel/studio/7.0/toolchain/avr8/avr8-gnu-toolchain/bin/../lib/gcc/avr/5.4.0/avr25\libgcc.a(_cmpdi2.o)
                              DeviceSi549.o (__cmpdi2)
c:/program files (x86)/atmel/studio/7.0/toolchain/avr8/avr8-gnu-toolchain/bin/../lib/gcc/avr/5.4.0/../../../../avr/lib/avr25\libattiny85.a(eerd_block.o)
                              main.o (eeprom_read_block)
c:/program files (x86)/atmel/studio/7.0/toolchain/avr8/avr8-gnu-toolchain/bin/../lib/gcc/avr/5.4.0/../../../../avr/lib/avr25\libattiny85.a(eerd_byte.o)
                              main.o (eeprom_read_byte)
c:/program files (x86)/atmel/studio/7.0/toolchain/avr8/avr8-gnu-toolchain/bin/../lib/gcc/avr/5.4.0/../../../../avr/lib/avr25\libattiny85.a(eewr_block.o)
                              main.o (eeprom_write_block)
c:/program files (x86)/atmel/studio/7.0/toolchain/avr8/avr8-gnu-toolchain/bin/../lib/gcc/avr/5.4.0/../../../../avr/lib/avr25\libattiny85.a(eewr_byte.o)
                              main.o (eeprom_write_byte)
c:/program files (x86)/atmel/studio/7.0/toolchain/avr8/avr8-gnu-toolchain/bin/../lib/gcc/avr/5.4.0/../../../../avr/lib/avr25\libattiny85.a(eewr_word.o)
                              main.o (eeprom_write_word)

Allocating common symbols
Common symbol       size              file

usbTxBuf            0xb               vusb-20121206/usbdrv/usbdrv.o
usbTxStatus1        0xc               vusb-20121206/usbdrv/usbdrv.o
I2CErrors           0x1               I2Copencollector.o
Si_Reg_Data         0xb               DeviceSi549.o
replyBuf            0x8               main.o
usbDeviceAddr       0x1               vusb-20121206/usbdrv/usbdrv.o
usbRxToken          0x1               vusb-20121206/usbdrv/usbdrv.o
usbInputBufOffset   0x1               vusb-20121206/usbdrv/usbdrv.o
usbMsgPtr           0x2               vusb-20121206/usbdrv/usbdrv.o
usbRxLen            0x1               vusb-20121206/usbdrv/usbdrv.o
usbNewDeviceAddr    0x1               vusb-20121206/usbdrv/usbdrv.o
usbCurrentTok       0x1               vusb-20121206/usbdrv/usbdrv.o
usbConfiguration    0x1               vusb-20121206/usbdrv/usbdrv.o
usbRxBuf            0x16              vusb-20121206/usbdrv/usbdrv.o
Chip_OffLine        0x1               DeviceSi549.o

Discarded input sections

 .data          0x00000000        0x0 c:/program files (x86)/atmel/studio/7.0/toolchain/avr8/avr8-gnu-toolchain/bin/../lib/gcc/avr/5.4.0/../../../../avr/lib/avr25/crtattiny85.o
 .bss           0x00000000        0x0 c:/program files (x86)/atmel/studio/7.0/toolchain/avr8/avr8-gnu-toolchain/bin/../lib/gcc/avr/5.4.0/../../../../avr/lib/avr25/crtattiny85.o
 .text          0x00000000        0x0 CalcVFO.o
 .data          0x00000000        0x0 CalcVFO.o
 .bss           0x00000000        0x0 CalcVFO.o
 .text          0x00000000        0x0 DeviceAD9850.o
 .data          0x00000000        0x0 DeviceAD9850.o
 .bss           0x00000000        0x0 DeviceAD9850.o
 .debug_info    0x00000000       0x5d DeviceAD9850.o
 .debug_abbrev  0x00000000       0x26 DeviceAD9850.o
 .debug_aranges
                0x00000000       0x18 DeviceAD9850.o
 .debug_line    0x00000000       0x1a DeviceAD9850.o
 .debug_str     0x00000000      0x16e DeviceAD9850.o
 .comment       0x00000000       0x31 DeviceAD9850.o
 .text          0x00000000        0x0 DeviceSi549.o
 .data          0x00000000        0x0 DeviceSi549.o
 .bss           0x00000000        0x0 DeviceSi549.o
 .text          0x00000000        0x0 DeviceSi570.o
 .data          0x00000000        0x0 DeviceSi570.o
 .bss           0x00000000        0x0 DeviceSi570.o
 .debug_info    0x00000000       0x5d DeviceSi570.o
 .debug_abbrev  0x00000000       0x26 DeviceSi570.o
 .debug_aranges
                0x00000000       0x18 DeviceSi570.o
 .debug_line    0x00000000       0x1a DeviceSi570.o
 .debug_str     0x00000000      0x16d DeviceSi570.o
 .comment       0x00000000       0x31 DeviceSi570.o
 .text          0x00000000        0x0 FreqFromSi570.o
 .data          0x00000000        0x0 FreqFromSi570.o
 .bss           0x00000000        0x0 FreqFromSi570.o
 .text          0x00000000        0x0 I2Copencollector.o
 .data          0x00000000        0x0 I2Copencollector.o
 .bss           0x00000000        0x0 I2Copencollector.o
 .text          0x00000000        0x0 main.o
 .data          0x00000000        0x0 main.o
 .bss           0x00000000        0x0 main.o
 .text          0x00000000        0x0 Temperature.o
 .data          0x00000000        0x0 Temperature.o
 .bss           0x00000000        0x0 Temperature.o
 .text          0x00000000        0x0 vusb-20121206/libs-device/osccal.o
 .data          0x00000000        0x0 vusb-20121206/libs-device/osccal.o
 .bss           0x00000000        0x0 vusb-20121206/libs-device/osccal.o
 .text          0x00000000        0x0 vusb-20121206/usbdrv/usbdrv.o
 .data          0x00000000        0x0 vusb-20121206/usbdrv/usbdrv.o
 .bss           0x00000000        0x0 vusb-20121206/usbdrv/usbdrv.o
 .text.usbSetInterrupt
                0x00000000       0x44 vusb-20121206/usbdrv/usbdrv.o
 .data          0x00000000        0x0 vusb-20121206/usbdrv/usbdrvasm.o
 .bss           0x00000000        0x0 vusb-20121206/usbdrv/usbdrvasm.o
 .text          0x00000000        0x0 c:/program files (x86)/atmel/studio/7.0/toolchain/avr8/avr8-gnu-toolchain/bin/../lib/gcc/avr/5.4.0/avr25\libgcc.a(_mulhi3.o)
 .data          0x00000000        0x0 c:/program files (x86)/atmel/studio/7.0/toolchain/avr8/avr8-gnu-toolchain/bin/../lib/gcc/avr/5.4.0/avr25\libgcc.a(_mulhi3.o)
 .bss           0x00000000        0x0 c:/program files (x86)/atmel/studio/7.0/toolchain/avr8/avr8-gnu-toolchain/bin/../lib/gcc/avr/5.4.0/avr25\libgcc.a(_mulhi3.o)
 .text.libgcc.div
                0x00000000        0x0 c:/program files (x86)/atmel/studio/7.0/toolchain/avr8/avr8-gnu-toolchain/bin/../lib/gcc/avr/5.4.0/avr25\libgcc.a(_mulhi3.o)
 .text.libgcc   0x00000000        0x0 c:/program files (x86)/atmel/studio/7.0/toolchain/avr8/avr8-gnu-toolchain/bin/../lib/gcc/avr/5.4.0/avr25\libgcc.a(_mulhi3.o)
 .text.libgcc.prologue
                0x00000000        0x0 c:/program files (x86)/atmel/studio/7.0/toolchain/avr8/avr8-gnu-toolchain/bin/../lib/gcc/avr/5.4.0/avr25\libgcc.a(_mulhi3.o)
 .text.libgcc.builtins
                0x00000000        0x0 c:/program files (x86)/atmel/studio/7.0/toolchain/avr8/avr8-gnu-toolchain/bin/../lib/gcc/avr/5.4.0/avr25\libgcc.a(_mulhi3.o)
 .text.libgcc.fmul
                0x00000000        0x0 c:/program files (x86)/atmel/studio/7.0/toolchain/avr8/avr8-gnu-toolchain/bin/../lib/gcc/avr/5.4.0/avr25\libgcc.a(_mulhi3.o)
 .text.libgcc.fixed
                0x00000000        0x0 c:/program files (x86)/atmel/studio/7.0/toolchain/avr8/avr8-gnu-toolchain/bin/../lib/gcc/avr/5.4.0/avr25\libgcc.a(_mulhi3.o)
 .text          0x00000000        0x0 c:/program files (x86)/atmel/studio/7.0/toolchain/avr8/avr8-gnu-toolchain/bin/../lib/gcc/avr/5.4.0/avr25\libgcc.a(_udivmodhi4.o)
 .data          0x00000000        0x0 c:/program files (x86)/atmel/studio/7.0/toolchain/avr8/avr8-gnu-toolchain/bin/../lib/gcc/avr/5.4.0/avr25\libgcc.a(_udivmodhi4.o)
 .bss           0x00000000        0x0 c:/program files (x86)/atmel/studio/7.0/toolchain/avr8/avr8-gnu-toolchain/bin/../lib/gcc/avr/5.4.0/avr25\libgcc.a(_udivmodhi4.o)
 .text.libgcc.mul
                0x00000000        0x0 c:/program files (x86)/atmel/studio/7.0/toolchain/avr8/avr8-gnu-toolchain/bin/../lib/gcc/avr/5.4.0/avr25\libgcc.a(_udivmodhi4.o)
 .text.libgcc   0x00000000        0x0 c:/program files (x86)/atmel/studio/7.0/toolchain/avr8/avr8-gnu-toolchain/bin/../lib/gcc/avr/5.4.0/avr25\libgcc.a(_udivmodhi4.o)
 .text.libgcc.prologue
                0x00000000        0x0 c:/program files (x86)/atmel/studio/7.0/toolchain/avr8/avr8-gnu-toolchain/bin/../lib/gcc/avr/5.4.0/avr25\libgcc.a(_udivmodhi4.o)
 .text.libgcc.builtins
                0x00000000        0x0 c:/program files (x86)/atmel/studio/7.0/toolchain/avr8/avr8-gnu-toolchain/bin/../lib/gcc/avr/5.4.0/avr25\libgcc.a(_udivmodhi4.o)
 .text.libgcc.fmul
                0x00000000        0x0 c:/program files (x86)/atmel/studio/7.0/toolchain/avr8/avr8-gnu-toolchain/bin/../lib/gcc/avr/5.4.0/avr25\libgcc.a(_udivmodhi4.o)
 .text.libgcc.fixed
                0x00000000        0x0 c:/program files (x86)/atmel/studio/7.0/toolchain/avr8/avr8-gnu-toolchain/bin/../lib/gcc/avr/5.4.0/avr25\libgcc.a(_udivmodhi4.o)
 .text          0x00000000        0x0 c:/program files (x86)/atmel/studio/7.0/toolchain/avr8/avr8-gnu-toolchain/bin/../lib/gcc/avr/5.4.0/avr25\libgcc.a(_udivmodsi4.o)
 .data          0x00000000        0x0 c:/program files (x86)/atmel/studio/7.0/toolchain/avr8/avr8-gnu-toolchain/bin/../lib/gcc/avr/5.4.0/avr25\libgcc.a(_udivmodsi4.o)
 .bss           0x00000000        0x0 c:/program files (x86)/atmel/studio/7.0/toolchain/avr8/avr8-gnu-toolchain/bin/../lib/gcc/avr/5.4.0/avr25\libgcc.a(_udivmodsi4.o)
 .text.libgcc.mul
                0x00000000        0x0 c:/program files (x86)/atmel/studio/7.0/toolchain/avr8/avr8-gnu-toolchain/bin/../lib/gcc/avr/5.4.0/avr25\libgcc.a(_udivmodsi4.o)
 .text.libgcc   0x00000000        0x0 c:/program files (x86)/atmel/studio/7.0/toolchain/avr8/avr8-gnu-toolchain/bin/../lib/gcc/avr/5.4.0/avr25\libgcc.a(_udivmodsi4.o)
 .text.libgcc.prologue
                0x00000000        0x0 c:/program files (x86)/atmel/studio/7.0/toolchain/avr8/avr8-gnu-toolchain/bin/../lib/gcc/avr/5.4.0/avr25\libgcc.a(_udivmodsi4.o)
 .text.libgcc.builtins
                0x00000000        0x0 c:/program files (x86)/atmel/studio/7.0/toolchain/avr8/avr8-gnu-toolchain/bin/../lib/gcc/avr/5.4.0/avr25\libgcc.a(_udivmodsi4.o)
 .text.libgcc.fmul
                0x00000000        0x0 c:/program files (x86)/atmel/studio/7.0/toolchain/avr8/avr8-gnu-toolchain/bin/../lib/gcc/avr/5.4.0/avr25\libgcc.a(_udivmodsi4.o)
 .text.libgcc.fixed
                0x00000000        0x0 c:/program files (x86)/atmel/studio/7.0/toolchain/avr8/avr8-gnu-toolchain/bin/../lib/gcc/avr/5.4.0/avr25\libgcc.a(_udivmodsi4.o)
 .text          0x00000000        0x0 c:/program files (x86)/atmel/studio/7.0/toolchain/avr8/avr8-gnu-toolchain/bin/../lib/gcc/avr/5.4.0/avr25\libgcc.a(_exit.o)
 .data          0x00000000        0x0 c:/program files (x86)/atmel/studio/7.0/toolchain/avr8/avr8-gnu-toolchain/bin/../lib/gcc/avr/5.4.0/avr25\libgcc.a(_exit.o)
 .bss           0x00000000        0x0 c:/program files (x86)/atmel/studio/7.0/toolchain/avr8/avr8-gnu-toolchain/bin/../lib/gcc/avr/5.4.0/avr25\libgcc.a(_exit.o)
 .text.libgcc.mul
                0x00000000        0x0 c:/program files (x86)/atmel/studio/7.0/toolchain/avr8/avr8-gnu-toolchain/bin/../lib/gcc/avr/5.4.0/avr25\libgcc.a(_exit.o)
 .text.libgcc.div
                0x00000000        0x0 c:/program files (x86)/atmel/studio/7.0/toolchain/avr8/avr8-gnu-toolchain/bin/../lib/gcc/avr/5.4.0/avr25\libgcc.a(_exit.o)
 .text.libgcc   0x00000000        0x0 c:/program files (x86)/atmel/studio/7.0/toolchain/avr8/avr8-gnu-toolchain/bin/../lib/gcc/avr/5.4.0/avr25\libgcc.a(_exit.o)
 .text.libgcc.prologue
                0x00000000        0x0 c:/program files (x86)/atmel/studio/7.0/toolchain/avr8/avr8-gnu-toolchain/bin/../lib/gcc/avr/5.4.0/avr25\libgcc.a(_exit.o)
 .text.libgcc.builtins
                0x00000000        0x0 c:/program files (x86)/atmel/studio/7.0/toolchain/avr8/avr8-gnu-toolchain/bin/../lib/gcc/avr/5.4.0/avr25\libgcc.a(_exit.o)
 .text.libgcc.fmul
                0x00000000        0x0 c:/program files (x86)/atmel/studio/7.0/toolchain/avr8/avr8-gnu-toolchain/bin/../lib/gcc/avr/5.4.0/avr25\libgcc.a(_exit.o)
 .text.libgcc.fixed
                0x00000000        0x0 c:/program files (x86)/atmel/studio/7.0/toolchain/avr8/avr8-gnu-toolchain/bin/../lib/gcc/avr/5.4.0/avr25\libgcc.a(_exit.o)
 .text          0x00000000        0x0 c:/program files (x86)/atmel/studio/7.0/toolchain/avr8/avr8-gnu-toolchain/bin/../lib/gcc/avr/5.4.0/avr25\libgcc.a(_copy_data.o)
 .data          0x00000000        0x0 c:/program files (x86)/atmel/studio/7.0/toolchain/avr8/avr8-gnu-toolchain/bin/../lib/gcc/avr/5.4.0/avr25\libgcc.a(_copy_data.o)
 .bss           0x00000000        0x0 c:/program files (x86)/atmel/studio/7.0/toolchain/avr8/avr8-gnu-toolchain/bin/../lib/gcc/avr/5.4.0/avr25\libgcc.a(_copy_data.o)
 .text.libgcc.mul
                0x00000000        0x0 c:/program files (x86)/atmel/studio/7.0/toolchain/avr8/avr8-gnu-toolchain/bin/../lib/gcc/avr/5.4.0/avr25\libgcc.a(_copy_data.o)
 .text.libgcc.div
                0x00000000        0x0 c:/program files (x86)/atmel/studio/7.0/toolchain/avr8/avr8-gnu-toolchain/bin/../lib/gcc/avr/5.4.0/avr25\libgcc.a(_copy_data.o)
 .text.libgcc   0x00000000        0x0 c:/program files (x86)/atmel/studio/7.0/toolchain/avr8/avr8-gnu-toolchain/bin/../lib/gcc/avr/5.4.0/avr25\libgcc.a(_copy_data.o)
 .text.libgcc.prologue
                0x00000000        0x0 c:/program files (x86)/atmel/studio/7.0/toolchain/avr8/avr8-gnu-toolchain/bin/../lib/gcc/avr/5.4.0/avr25\libgcc.a(_copy_data.o)
 .text.libgcc.builtins
                0x00000000        0x0 c:/program files (x86)/atmel/studio/7.0/toolchain/avr8/avr8-gnu-toolchain/bin/../lib/gcc/avr/5.4.0/avr25\libgcc.a(_copy_data.o)
 .text.libgcc.fmul
                0x00000000        0x0 c:/program files (x86)/atmel/studio/7.0/toolchain/avr8/avr8-gnu-toolchain/bin/../lib/gcc/avr/5.4.0/avr25\libgcc.a(_copy_data.o)
 .text.libgcc.fixed
                0x00000000        0x0 c:/program files (x86)/atmel/studio/7.0/toolchain/avr8/avr8-gnu-toolchain/bin/../lib/gcc/avr/5.4.0/avr25\libgcc.a(_copy_data.o)
 .text          0x00000000        0x0 c:/program files (x86)/atmel/studio/7.0/toolchain/avr8/avr8-gnu-toolchain/bin/../lib/gcc/avr/5.4.0/avr25\libgcc.a(_clear_bss.o)
 .data          0x00000000        0x0 c:/program files (x86)/atmel/studio/7.0/toolchain/avr8/avr8-gnu-toolchain/bin/../lib/gcc/avr/5.4.0/avr25\libgcc.a(_clear_bss.o)
 .bss           0x00000000        0x0 c:/program files (x86)/atmel/studio/7.0/toolchain/avr8/avr8-gnu-toolchain/bin/../lib/gcc/avr/5.4.0/avr25\libgcc.a(_clear_bss.o)
 .text.libgcc.mul
                0x00000000        0x0 c:/program files (x86)/atmel/studio/7.0/toolchain/avr8/avr8-gnu-toolchain/bin/../lib/gcc/avr/5.4.0/avr25\libgcc.a(_clear_bss.o)
 .text.libgcc.div
                0x00000000        0x0 c:/program files (x86)/atmel/studio/7.0/toolchain/avr8/avr8-gnu-toolchain/bin/../lib/gcc/avr/5.4.0/avr25\libgcc.a(_clear_bss.o)
 .text.libgcc   0x00000000        0x0 c:/program files (x86)/atmel/studio/7.0/toolchain/avr8/avr8-gnu-toolchain/bin/../lib/gcc/avr/5.4.0/avr25\libgcc.a(_clear_bss.o)
 .text.libgcc.prologue
                0x00000000        0x0 c:/program files (x86)/atmel/studio/7.0/toolchain/avr8/avr8-gnu-toolchain/bin/../lib/gcc/avr/5.4.0/avr25\libgcc.a(_clear_bss.o)
 .text.libgcc.builtins
                0x00000000        0x0 c:/program files (x86)/atmel/studio/7.0/toolchain/avr8/avr8-gnu-toolchain/bin/../lib/gcc/avr/5.4.0/avr25\libgcc.a(_clear_bss.o)
 .text.libgcc.fmul
                0x00000000        0x0 c:/program files (x86)/atmel/studio/7.0/toolchain/avr8/avr8-gnu-toolchain/bin/../lib/gcc/avr/5.4.0/avr25\libgcc.a(_clear_bss.o)
 .text.libgcc.fixed
                0x00000000        0x0 c:/program files (x86)/atmel/studio/7.0/toolchain/avr8/avr8-gnu-toolchain/bin/../lib/gcc/avr/5.4.0/avr25\libgcc.a(_clear_bss.o)
 .text          0x00000000        0x0 c:/program files (x86)/atmel/studio/7.0/toolchain/avr8/avr8-gnu-toolchain/bin/../lib/gcc/avr/5.4.0/avr25\libgcc.a(_negdi2.o)
 .data          0x00000000        0x0 c:/program files (x86)/atmel/studio/7.0/toolchain/avr8/avr8-gnu-toolchain/bin/../lib/gcc/avr/5.4.0/avr25\libgcc.a(_negdi2.o)
 .bss           0x00000000        0x0 c:/program files (x86)/atmel/studio/7.0/toolchain/avr8/avr8-gnu-toolchain/bin/../lib/gcc/avr/5.4.0/avr25\libgcc.a(_negdi2.o)
 .text.libgcc.mul
                0x00000000        0x0 c:/program files (x86)/atmel/studio/7.0/toolchain/avr8/avr8-gnu-toolchain/bin/../lib/gcc/avr/5.4.0/avr25\libgcc.a(_negdi2.o)
 .text.libgcc.div
                0x00000000        0x0 c:/program files (x86)/atmel/studio/7.0/toolchain/avr8/avr8-gnu-toolchain/bin/../lib/gcc/avr/5.4.0/avr25\libgcc.a(_negdi2.o)
 .text.libgcc.prologue
                0x00000000        0x0 c:/program files (x86)/atmel/studio/7.0/toolchain/avr8/avr8-gnu-toolchain/bin/../lib/gcc/avr/5.4.0/avr25\libgcc.a(_negdi2.o)
 .text.libgcc.builtins
                0x00000000        0x0 c:/program files (x86)/atmel/studio/7.0/toolchain/avr8/avr8-gnu-toolchain/bin/../lib/gcc/avr/5.4.0/avr25\libgcc.a(_negdi2.o)
 .text.libgcc.fmul
                0x00000000        0x0 c:/program files (x86)/atmel/studio/7.0/toolchain/avr8/avr8-gnu-toolchain/bin/../lib/gcc/avr/5.4.0/avr25\libgcc.a(_negdi2.o)
 .text.libgcc.fixed
                0x00000000        0x0 c:/program files (x86)/atmel/studio/7.0/toolchain/avr8/avr8-gnu-toolchain/bin/../lib/gcc/avr/5.4.0/avr25\libgcc.a(_negdi2.o)
 .text          0x00000000        0x0 c:/program files (x86)/atmel/studio/7.0/toolchain/avr8/avr8-gnu-toolchain/bin/../lib/gcc/avr/5.4.0/avr25\libgcc.a(_ashrdi3.o)
 .data          0x00000000        0x0 c:/program files (x86)/atmel/studio/7.0/toolchain/avr8/avr8-gnu-toolchain/bin/../lib/gcc/avr/5.4.0/avr25\libgcc.a(_ashrdi3.o)
 .bss           0x00000000        0x0 c:/program files (x86)/atmel/studio/7.0/toolchain/avr8/avr8-gnu-toolchain/bin/../lib/gcc/avr/5.4.0/avr25\libgcc.a(_ashrdi3.o)
 .text.libgcc.mul
                0x00000000        0x0 c:/program files (x86)/atmel/studio/7.0/toolchain/avr8/avr8-gnu-toolchain/bin/../lib/gcc/avr/5.4.0/avr25\libgcc.a(_ashrdi3.o)
 .text.libgcc.div
                0x00000000        0x0 c:/program files (x86)/atmel/studio/7.0/toolchain/avr8/avr8-gnu-toolchain/bin/../lib/gcc/avr/5.4.0/avr25\libgcc.a(_ashrdi3.o)
 .text.libgcc   0x00000000        0x0 c:/program files (x86)/atmel/studio/7.0/toolchain/avr8/avr8-gnu-toolchain/bin/../lib/gcc/avr/5.4.0/avr25\libgcc.a(_ashrdi3.o)
 .text.libgcc.prologue
                0x00000000        0x0 c:/program files (x86)/atmel/studio/7.0/toolchain/avr8/avr8-gnu-toolchain/bin/../lib/gcc/avr/5.4.0/avr25\libgcc.a(_ashrdi3.o)
 .text.libgcc.fmul
                0x00000000        0x0 c:/program files (x86)/atmel/studio/7.0/toolchain/avr8/avr8-gnu-toolchain/bin/../lib/gcc/avr/5.4.0/avr25\libgcc.a(_ashrdi3.o)
 .text.libgcc.fixed
                0x00000000        0x0 c:/program files (x86)/atmel/studio/7.0/toolchain/avr8/avr8-gnu-toolchain/bin/../lib/gcc/avr/5.4.0/avr25\libgcc.a(_ashrdi3.o)
 .text          0x00000000        0x0 c:/program files (x86)/atmel/studio/7.0/toolchain/avr8/avr8-gnu-toolchain/bin/../lib/gcc/avr/5.4.0/avr25\libgcc.a(_subdi3.o)
 .data          0x00000000        0x0 c:/program files (x86)/atmel/studio/7.0/toolchain/avr8/avr8-gnu-toolchain/bin/../lib/gcc/avr/5.4.0/avr25\libgcc.a(_subdi3.o)
 .bss           0x00000000        0x0 c:/program files (x86)/atmel/studio/7.0/toolchain/avr8/avr8-gnu-toolchain/bin/../lib/gcc/avr/5.4.0/avr25\libgcc.a(_subdi3.o)
 .text.libgcc.mul
                0x00000000        0x0 c:/program files (x86)/atmel/studio/7.0/toolchain/avr8/avr8-gnu-toolchain/bin/../lib/gcc/avr/5.4.0/avr25\libgcc.a(_subdi3.o)
 .text.libgcc.div
                0x00000000        0x0 c:/program files (x86)/atmel/studio/7.0/toolchain/avr8/avr8-gnu-toolchain/bin/../lib/gcc/avr/5.4.0/avr25\libgcc.a(_subdi3.o)
 .text.libgcc.prologue
                0x00000000        0x0 c:/program files (x86)/atmel/studio/7.0/toolchain/avr8/avr8-gnu-toolchain/bin/../lib/gcc/avr/5.4.0/avr25\libgcc.a(_subdi3.o)
 .text.libgcc.builtins
                0x00000000        0x0 c:/program files (x86)/atmel/studio/7.0/toolchain/avr8/avr8-gnu-toolchain/bin/../lib/gcc/avr/5.4.0/avr25\libgcc.a(_subdi3.o)
 .text.libgcc.fmul
                0x00000000        0x0 c:/program files (x86)/atmel/studio/7.0/toolchain/avr8/avr8-gnu-toolchain/bin/../lib/gcc/avr/5.4.0/avr25\libgcc.a(_subdi3.o)
 .text.libgcc.fixed
                0x00000000        0x0 c:/program files (x86)/atmel/studio/7.0/toolchain/avr8/avr8-gnu-toolchain/bin/../lib/gcc/avr/5.4.0/avr25\libgcc.a(_subdi3.o)
 .text          0x00000000        0x0 c:/program files (x86)/atmel/studio/7.0/toolchain/avr8/avr8-gnu-toolchain/bin/../lib/gcc/avr/5.4.0/avr25\libgcc.a(_cmpdi2.o)
 .data          0x00000000        0x0 c:/program files (x86)/atmel/studio/7.0/toolchain/avr8/avr8-gnu-toolchain/bin/../lib/gcc/avr/5.4.0/avr25\libgcc.a(_cmpdi2.o)
 .bss           0x00000000        0x0 c:/program files (x86)/atmel/studio/7.0/toolchain/avr8/avr8-gnu-toolchain/bin/../lib/gcc/avr/5.4.0/avr25\libgcc.a(_cmpdi2.o)
 .text.libgcc.mul
                0x00000000        0x0 c:/program files (x86)/atmel/studio/7.0/toolchain/avr8/avr8-gnu-toolchain/bin/../lib/gcc/avr/5.4.0/avr25\libgcc.a(_cmpdi2.o)
 .text.libgcc.div
                0x00000000        0x0 c:/program files (x86)/atmel/studio/7.0/toolchain/avr8/avr8-gnu-toolchain/bin/../lib/gcc/avr/5.4.0/avr25\libgcc.a(_cmpdi2.o)
 .text.libgcc.prologue
                0x00000000        0x0 c:/program files (x86)/atmel/studio/7.0/toolchain/avr8/avr8-gnu-toolchain/bin/../lib/gcc/avr/5.4.0/avr25\libgcc.a(_cmpdi2.o)
 .text.libgcc.builtins
                0x00000000        0x0 c:/program files (x86)/atmel/studio/7.0/toolchain/avr8/avr8-gnu-toolchain/bin/../lib/gcc/avr/5.4.0/avr25\libgcc.a(_cmpdi2.o)
 .text.libgcc.fmul
                0x00000000        0x0 c:/program files (x86)/atmel/studio/7.0/toolchain/avr8/avr8-gnu-toolchain/bin/../lib/gcc/avr/5.4.0/avr25\libgcc.a(_cmpdi2.o)
 .text.libgcc.fixed
                0x00000000        0x0 c:/program files (x86)/atmel/studio/7.0/toolchain/avr8/avr8-gnu-toolchain/bin/../lib/gcc/avr/5.4.0/avr25\libgcc.a(_cmpdi2.o)
 .text          0x00000000        0x0 c:/program files (x86)/atmel/studio/7.0/toolchain/avr8/avr8-gnu-toolchain/bin/../lib/gcc/avr/5.4.0/../../../../avr/lib/avr25\libattiny85.a(eerd_block.o)
 .data          0x00000000        0x0 c:/program files (x86)/atmel/studio/7.0/toolchain/avr8/avr8-gnu-toolchain/bin/../lib/gcc/avr/5.4.0/../../../../avr/lib/avr25\libattiny85.a(eerd_block.o)
 .bss           0x00000000        0x0 c:/program files (x86)/atmel/studio/7.0/toolchain/avr8/avr8-gnu-toolchain/bin/../lib/gcc/avr/5.4.0/../../../../avr/lib/avr25\libattiny85.a(eerd_block.o)
 .text          0x00000000        0x0 c:/program files (x86)/atmel/studio/7.0/toolchain/avr8/avr8-gnu-toolchain/bin/../lib/gcc/avr/5.4.0/../../../../avr/lib/avr25\libattiny85.a(eerd_byte.o)
 .data          0x00000000        0x0 c:/program files (x86)/atmel/studio/7.0/toolchain/avr8/avr8-gnu-toolchain/bin/../lib/gcc/avr/5.4.0/../../../../avr/lib/avr25\libattiny85.a(eerd_byte.o)
 .bss           0x00000000        0x0 c:/program files (x86)/atmel/studio/7.0/toolchain/avr8/avr8-gnu-toolchain/bin/../lib/gcc/avr/5.4.0/../../../../avr/lib/avr25\libattiny85.a(eerd_byte.o)
 .text          0x00000000        0x0 c:/program files (x86)/atmel/studio/7.0/toolchain/avr8/avr8-gnu-toolchain/bin/../lib/gcc/avr/5.4.0/../../../../avr/lib/avr25\libattiny85.a(eewr_block.o)
 .data          0x00000000        0x0 c:/program files (x86)/atmel/studio/7.0/toolchain/avr8/avr8-gnu-toolchain/bin/../lib/gcc/avr/5.4.0/../../../../avr/lib/avr25\libattiny85.a(eewr_block.o)
 .bss           0x00000000        0x0 c:/program files (x86)/atmel/studio/7.0/toolchain/avr8/avr8-gnu-toolchain/bin/../lib/gcc/avr/5.4.0/../../../../avr/lib/avr25\libattiny85.a(eewr_block.o)
 .text          0x00000000        0x0 c:/program files (x86)/atmel/studio/7.0/toolchain/avr8/avr8-gnu-toolchain/bin/../lib/gcc/avr/5.4.0/../../../../avr/lib/avr25\libattiny85.a(eewr_byte.o)
 .data          0x00000000        0x0 c:/program files (x86)/atmel/studio/7.0/toolchain/avr8/avr8-gnu-toolchain/bin/../lib/gcc/avr/5.4.0/../../../../avr/lib/avr25\libattiny85.a(eewr_byte.o)
 .bss           0x00000000        0x0 c:/program files (x86)/atmel/studio/7.0/toolchain/avr8/avr8-gnu-toolchain/bin/../lib/gcc/avr/5.4.0/../../../../avr/lib/avr25\libattiny85.a(eewr_byte.o)
 .text          0x00000000        0x0 c:/program files (x86)/atmel/studio/7.0/toolchain/avr8/avr8-gnu-toolchain/bin/../lib/gcc/avr/5.4.0/../../../../avr/lib/avr25\libattiny85.a(eewr_word.o)
 .data          0x00000000        0x0 c:/program files (x86)/atmel/studio/7.0/toolchain/avr8/avr8-gnu-toolchain/bin/../lib/gcc/avr/5.4.0/../../../../avr/lib/avr25\libattiny85.a(eewr_word.o)
 .bss           0x00000000        0x0 c:/program files (x86)/atmel/studio/7.0/toolchain/avr8/avr8-gnu-toolchain/bin/../lib/gcc/avr/5.4.0/../../../../avr/lib/avr25\libattiny85.a(eewr_word.o)

Memory Configuration

Name             Origin             Length             Attributes
text             0x00000000         0x00002000         xr
data             0x00800060         0x0000ffa0         rw !x
eeprom           0x00810000         0x00010000         rw !x
fuse             0x00820000         0x00000003         rw !x
lock             0x00830000         0x00000400         rw !x
signature        0x00840000         0x00000400         rw !x
user_signatures  0x00850000         0x00000400         rw !x
*default*        0x00000000         0xffffffff

Linker script and memory map

LOAD c:/program files (x86)/atmel/studio/7.0/toolchain/avr8/avr8-gnu-toolchain/bin/../lib/gcc/avr/5.4.0/../../../../avr/lib/avr25/crtattiny85.o
LOAD CalcVFO.o
LOAD DeviceAD9850.o
LOAD DeviceSi549.o
LOAD DeviceSi570.o
LOAD FreqFromSi570.o
LOAD I2Copencollector.o
LOAD main.o
LOAD Temperature.o
LOAD vusb-20121206/libs-device/osccal.o
LOAD vusb-20121206/usbdrv/usbdrv.o
LOAD vusb-20121206/usbdrv/usbdrvasm.o
START GROUP
LOAD c:/program files (x86)/atmel/studio/7.0/toolchain/avr8/avr8-gnu-toolchain/bin/../lib/gcc/avr/5.4.0/../../../../avr/lib/avr25\libm.a
END GROUP
START GROUP
LOAD c:/program files (x86)/atmel/studio/7.0/toolchain/avr8/avr8-gnu-toolchain/bin/../lib/gcc/avr/5.4.0/avr25\libgcc.a
LOAD c:/program files (x86)/atmel/studio/7.0/toolchain/avr8/avr8-gnu-toolchain/bin/../lib/gcc/avr/5.4.0/../../../../avr/lib/avr25\libm.a
LOAD c:/program files (x86)/atmel/studio/7.0/toolchain/avr8/avr8-gnu-toolchain/bin/../lib/gcc/avr/5.4.0/../../../../avr/lib/avr25\libc.a
LOAD c:/program files (x86)/atmel/studio/7.0/toolchain/avr8/avr8-gnu-toolchain/bin/../lib/gcc/avr/5.4.0/../../../../avr/lib/avr25\libattiny85.a
END GROUP
                0x00002000                __TEXT_REGION_LENGTH__ = DEFINED (__TEXT_REGION_LENGTH__)?__TEXT_REGION_LENGTH__:0x2000
                0x0000ffa0                __DATA_REGION_LENGTH__ = DEFINED (__DATA_REGION_LENGTH__)?__DATA_REGION_LENGTH__:0xffa0
                0x00010000                __EEPROM_REGION_LENGTH__ = DEFINED (__EEPROM_REGION_LENGTH__)?__EEPROM_REGION_LENGTH__:0x10000
                [0x00000003]                __FUSE_REGION_LENGTH__ = DEFINED (__FUSE_REGION_LENGTH__)?__FUSE_REGION_LENGTH__:0x400
                0x00000400                __LOCK_REGION_LENGTH__ = DEFINED (__LOCK_REGION_LENGTH__)?__LOCK_REGION_LENGTH__:0x400
                0x00000400                __SIGNATURE_REGION_LENGTH__ = DEFINED (__SIGNATURE_REGION_LENGTH__)?__SIGNATURE_REGION_LENGTH__:0x400
                0x00000400                __USER_SIGNATURE_REGION_LENGTH__ = DEFINED (__USER_SIGNATURE_REGION_LENGTH__)?__USER_SIGNATURE_REGION_LENGTH__:0x400

.hash
 *(.hash)

.dynsym
 *(.dynsym)

.dynstr
 *(.dynstr)

.gnu.version
 *(.gnu.version)

.gnu.version_d
 *(.gnu.version_d)

.gnu.version_r
 *(.gnu.version_r)

.rel.init
 *(.rel.init)

.rela.init
 *(.rela.init)

.rel.text
 *(.rel.text)
 *(.rel.text.*)
 *(.rel.gnu.linkonce.t*)

.rela.text
 *(.rela.text)
 *(.rela.text.*)
 *(.rela.gnu.linkonce.t*)

.rel.fini
 *(.rel.fini)

.rela.fini
 *(.rela.fini)

.rel.rodata
 *(.rel.rodata)
 *(.rel.rodata.*)
 *(.rel.gnu.linkonce.r*)

.rela.rodata
 *(.rela.rodata)
 *(.rela.rodata.*)
 *(.rela.gnu.linkonce.r*)

.rel.data
 *(.rel.data)
 *(.rel.data.*)
 *(.rel.gnu.linkonce.d*)

.rela.data
 *(.rela.data)
 *(.rela.data.*)
 *(.rela.gnu.linkonce.d*)

.rel.ctors
 *(.rel.ctors)

.rela.ctors
 *(.rela.ctors)

.rel.dtors
 *(.rel.dtors)

.rela.dtors
 *(.rela.dtors)

.rel.got
 *(.rel.got)

.rela.got
 *(.rela.got)

.rel.bss
 *(.rel.bss)

.rela.bss
 *(.rela.bss)

.rel.plt
 *(.rel.plt)

.rela.plt
 *(.rela.plt)

.text           0x00000000     0x1738
 *(.vectors)
 .vectors       0x00000000       0x1e c:/program files (x86)/atmel/studio/7.0/toolchain/avr8/avr8-gnu-toolchain/bin/../lib/gcc/avr/5.4.0/../../../../avr/lib/avr25/crtattiny85.o
                0x00000000                __vectors
 *(.vectors)
 *(.progmem.gcc*)
                0x0000001e                . = ALIGN (0x2)
                0x0000001e                __trampolines_start = .
 *(.trampolines)
 .trampolines   0x0000001e        0x0 linker stubs
 *(.trampolines*)
                0x0000001e                __trampolines_end = .
 *libprintf_flt.a:*(.progmem.data)
 *libc.a:*(.progmem.data)
 *(.progmem*)
 .progmem.data.usbDescriptorConfiguration
                0x0000001e       0x19 vusb-20121206/usbdrv/usbdrv.o
                0x0000001e                usbDescriptorConfiguration
 .progmem.data.usbDescriptorDevice
                0x00000037       0x12 vusb-20121206/usbdrv/usbdrv.o
                0x00000037                usbDescriptorDevice
 .progmem.data.usbDescriptorStringDevice
                0x00000049       0x16 vusb-20121206/usbdrv/usbdrv.o
                0x00000049                usbDescriptorStringDevice
 .progmem.data.usbDescriptorStringVendor
                0x0000005f       0x1a vusb-20121206/usbdrv/usbdrv.o
                0x0000005f                usbDescriptorStringVendor
 .progmem.data.usbDescriptorString0
                0x00000079        0x4 vusb-20121206/usbdrv/usbdrv.o
                0x00000079                usbDescriptorString0
                0x0000007e                . = ALIGN (0x2)
 *fill*         0x0000007d        0x1 
 *(.jumptables)
 *(.jumptables*)
 *(.lowtext)
 *(.lowtext*)
                0x0000007e                __ctors_start = .
 *(.ctors)
                0x0000007e                __ctors_end = .
                0x0000007e                __dtors_start = .
 *(.dtors)
                0x0000007e                __dtors_end = .
 SORT(*)(.ctors)
 SORT(*)(.dtors)
 *(.init0)
 .init0         0x0000007e        0x0 c:/program files (x86)/atmel/studio/7.0/toolchain/avr8/avr8-gnu-toolchain/bin/../lib/gcc/avr/5.4.0/../../../../avr/lib/avr25/crtattiny85.o
                0x0000007e                __init
 *(.init0)
 *(.init1)
 *(.init1)
 *(.init2)
 .init2         0x0000007e        0xc c:/program files (x86)/atmel/studio/7.0/toolchain/avr8/avr8-gnu-toolchain/bin/../lib/gcc/avr/5.4.0/../../../../avr/lib/avr25/crtattiny85.o
 *(.init2)
 *(.init3)
 .init3         0x0000008a       0x16 main.o
                0x0000008a                dotInit3
 *(.init3)
 *(.init4)
 .init4         0x000000a0       0x16 c:/program files (x86)/atmel/studio/7.0/toolchain/avr8/avr8-gnu-toolchain/bin/../lib/gcc/avr/5.4.0/avr25\libgcc.a(_copy_data.o)
                0x000000a0                __do_copy_data
 .init4         0x000000b6       0x10 c:/program files (x86)/atmel/studio/7.0/toolchain/avr8/avr8-gnu-toolchain/bin/../lib/gcc/avr/5.4.0/avr25\libgcc.a(_clear_bss.o)
                0x000000b6                __do_clear_bss
 *(.init4)
 *(.init5)
 *(.init5)
 *(.init6)
 *(.init6)
 *(.init7)
 *(.init7)
 *(.init8)
 *(.init8)
 *(.init9)
 .init9         0x000000c6        0x4 c:/program files (x86)/atmel/studio/7.0/toolchain/avr8/avr8-gnu-toolchain/bin/../lib/gcc/avr/5.4.0/../../../../avr/lib/avr25/crtattiny85.o
 *(.init9)
 *(.text)
 .text          0x000000ca        0x2 c:/program files (x86)/atmel/studio/7.0/toolchain/avr8/avr8-gnu-toolchain/bin/../lib/gcc/avr/5.4.0/../../../../avr/lib/avr25/crtattiny85.o
                0x000000ca                __vector_12
                0x000000ca                __bad_interrupt
                0x000000ca                __vector_6
                0x000000ca                __vector_3
                0x000000ca                __vector_11
                0x000000ca                __vector_13
                0x000000ca                __vector_7
                0x000000ca                __vector_5
                0x000000ca                __vector_4
                0x000000ca                __vector_9
                0x000000ca                __vector_2
                0x000000ca                __vector_8
                0x000000ca                __vector_14
                0x000000ca                __vector_10
 .text          0x000000cc      0x314 vusb-20121206/usbdrv/usbdrvasm.o
                0x000000cc                usbCrc16
                0x000000f6                usbCrc16Append
                0x000000fe                usbMeasureFrameLength
                0x00000124                __vector_1
                0x000003e0                . = ALIGN (0x2)
 *(.text.*)
 .text.SetFilter
                0x000003e0       0x22 CalcVFO.o
                0x000003e0                SetFilter
 .text.SetFreq  0x00000402      0x108 CalcVFO.o
                0x00000402                SetFreq
 .text.Si_CmdStart
                0x0000050a       0x24 DeviceSi549.o
 .text.Si549WritePPMRegisters
                0x0000052e       0x24 DeviceSi549.o
 .text.DeviceInit
                0x00000552       0x78 DeviceSi549.o
                0x00000552                DeviceInit
 .text.DeviceOnline
                0x000005ca       0x42 DeviceSi549.o
                0x000005ca                DeviceOnline
 .text.Si_CmdReg
                0x0000060c       0x14 DeviceSi549.o
                0x0000060c                Si_CmdReg
 .text.SetFreqDevice
                0x00000620      0x4a6 DeviceSi549.o
                0x00000620                SetFreqDevice
 .text.Si_ReadRegisters
                0x00000ac6       0xa4 DeviceSi549.o
                0x00000ac6                Si_ReadRegisters
 .text.CalcFreqFromRegSi570
                0x00000b6a       0xdc FreqFromSi570.o
                0x00000b6a                CalcFreqFromRegSi570
 .text.I2CStretch
                0x00000c46       0x28 I2Copencollector.o
 .text.I2CGetBit
                0x00000c6e        0xe I2Copencollector.o
 .text.I2CSendStart
                0x00000c7c       0x1c I2Copencollector.o
                0x00000c7c                I2CSendStart
 .text.I2CSendStop
                0x00000c98       0x18 I2Copencollector.o
                0x00000c98                I2CSendStop
 .text.I2CSend0
                0x00000cb0       0x12 I2Copencollector.o
                0x00000cb0                I2CSend0
 .text.I2CSend1
                0x00000cc2       0x12 I2Copencollector.o
                0x00000cc2                I2CSend1
 .text.I2CSendByte
                0x00000cd4       0x32 I2Copencollector.o
                0x00000cd4                I2CSendByte
 .text.I2CReceiveByte
                0x00000d06       0x1c I2Copencollector.o
                0x00000d06                I2CReceiveByte
 .text.__vector_default
                0x00000d22        0x2 main.o
                0x00000d22                __vector_default
 .text.usbFunctionWrite
                0x00000d24      0x12e main.o
                0x00000d24                usbFunctionWrite
 .text.usbFunctionSetup
                0x00000e52      0x38c main.o
                0x00000e52                usbFunctionSetup
 .text.main     0x000011de       0x88 main.o
                0x000011de                main
 .text.GetTemperature
                0x00001266       0x14 Temperature.o
                0x00001266                GetTemperature
 .text.calibrateOscillator
                0x0000127a       0x8e vusb-20121206/libs-device/osccal.o
                0x0000127a                calibrateOscillator
 .text.usbPoll  0x00001308      0x2a0 vusb-20121206/usbdrv/usbdrv.o
                0x00001308                usbPoll
 .text.usbInit  0x000015a8       0x1a vusb-20121206/usbdrv/usbdrv.o
                0x000015a8                usbInit
 .text.libgcc.mul
                0x000015c2       0x22 c:/program files (x86)/atmel/studio/7.0/toolchain/avr8/avr8-gnu-toolchain/bin/../lib/gcc/avr/5.4.0/avr25\libgcc.a(_mulhi3.o)
                0x000015c2                __mulhi3
 .text.libgcc.div
                0x000015e4       0x28 c:/program files (x86)/atmel/studio/7.0/toolchain/avr8/avr8-gnu-toolchain/bin/../lib/gcc/avr/5.4.0/avr25\libgcc.a(_udivmodhi4.o)
                0x000015e4                __udivmodhi4
 .text.libgcc.div
                0x0000160c       0x44 c:/program files (x86)/atmel/studio/7.0/toolchain/avr8/avr8-gnu-toolchain/bin/../lib/gcc/avr/5.4.0/avr25\libgcc.a(_udivmodsi4.o)
                0x0000160c                __udivmodsi4
 .text.libgcc   0x00001650       0x20 c:/program files (x86)/atmel/studio/7.0/toolchain/avr8/avr8-gnu-toolchain/bin/../lib/gcc/avr/5.4.0/avr25\libgcc.a(_negdi2.o)
                0x00001650                __negdi2
 .text.libgcc.builtins
                0x00001670       0x3c c:/program files (x86)/atmel/studio/7.0/toolchain/avr8/avr8-gnu-toolchain/bin/../lib/gcc/avr/5.4.0/avr25\libgcc.a(_ashrdi3.o)
                0x00001670                __ashrdi3
                0x00001674                __lshrdi3
 .text.libgcc   0x000016ac       0x12 c:/program files (x86)/atmel/studio/7.0/toolchain/avr8/avr8-gnu-toolchain/bin/../lib/gcc/avr/5.4.0/avr25\libgcc.a(_subdi3.o)
                0x000016ac                __subdi3
 .text.libgcc   0x000016be       0x12 c:/program files (x86)/atmel/studio/7.0/toolchain/avr8/avr8-gnu-toolchain/bin/../lib/gcc/avr/5.4.0/avr25\libgcc.a(_cmpdi2.o)
                0x000016be                __cmpdi2
 .text.avr-libc
                0x000016d0       0x20 c:/program files (x86)/atmel/studio/7.0/toolchain/avr8/avr8-gnu-toolchain/bin/../lib/gcc/avr/5.4.0/../../../../avr/lib/avr25\libattiny85.a(eerd_block.o)
                0x000016d0                eeprom_read_block
                0x000016d4                eeprom_read_blraw
 .text.avr-libc
                0x000016f0       0x10 c:/program files (x86)/atmel/studio/7.0/toolchain/avr8/avr8-gnu-toolchain/bin/../lib/gcc/avr/5.4.0/../../../../avr/lib/avr25\libattiny85.a(eerd_byte.o)
                0x000016f0                eeprom_read_byte
 .text.avr-libc
                0x00001700       0x12 c:/program files (x86)/atmel/studio/7.0/toolchain/avr8/avr8-gnu-toolchain/bin/../lib/gcc/avr/5.4.0/../../../../avr/lib/avr25\libattiny85.a(eewr_block.o)
                0x00001700                eeprom_write_block
 .text.avr-libc
                0x00001712       0x1c c:/program files (x86)/atmel/studio/7.0/toolchain/avr8/avr8-gnu-toolchain/bin/../lib/gcc/avr/5.4.0/../../../../avr/lib/avr25\libattiny85.a(eewr_byte.o)
                0x00001712                eeprom_write_byte
                0x00001714                eeprom_write_r18
 .text.avr-libc
                0x0000172e        0x6 c:/program files (x86)/atmel/studio/7.0/toolchain/avr8/avr8-gnu-toolchain/bin/../lib/gcc/avr/5.4.0/../../../../avr/lib/avr25\libattiny85.a(eewr_word.o)
                0x0000172e                eeprom_write_word
                0x00001734                . = ALIGN (0x2)
 *(.fini9)
 .fini9         0x00001734        0x0 c:/program files (x86)/atmel/studio/7.0/toolchain/avr8/avr8-gnu-toolchain/bin/../lib/gcc/avr/5.4.0/avr25\libgcc.a(_exit.o)
                0x00001734                _exit
                0x00001734                exit
 *(.fini9)
 *(.fini8)
 *(.fini8)
 *(.fini7)
 *(.fini7)
 *(.fini6)
 *(.fini6)
 *(.fini5)
 *(.fini5)
 *(.fini4)
 *(.fini4)
 *(.fini3)
 *(.fini3)
 *(.fini2)
 *(.fini2)
 *(.fini1)
 *(.fini1)
 *(.fini0)
 .fini0         0x00001734        0x4 c:/program files (x86)/atmel/studio/7.0/toolchain/avr8/avr8-gnu-toolchain/bin/../lib/gcc/avr/5.4.0/avr25\libgcc.a(_exit.o)
 *(.fini0)
                0x00001738                _etext = .

.data           0x00800060       0x64 load address 0x00001738
                0x00800060                PROVIDE (__data_start, .)
 *(.data)
 *(.data*)
 .data.ChipInfo
                0x00800060        0x6 DeviceSi549.o
                0x00800060                ChipInfo
 .data.R        0x00800066       0x49 DeviceSi549.o
                0x00800066                R
 .data.usbDescriptorStringSerialNumber
                0x008000af       0x12 main.o
                0x008000af                usbDescriptorStringSerialNumber
 .data.usbMsgLen
                0x008000c1        0x1 vusb-20121206/usbdrv/usbdrv.o
 .data.usbTxLen
                0x008000c2        0x1 vusb-20121206/usbdrv/usbdrv.o
                0x008000c2                usbTxLen
 *(.gnu.linkonce.d*)
 *(.rodata)
 *(.rodata*)
 *(.gnu.linkonce.r*)
                0x008000c4                . = ALIGN (0x2)
 *fill*         0x008000c3        0x1 
                0x008000c4                _edata = .
                0x008000c4                PROVIDE (__data_end, .)

.bss            0x008000c4       0x53
                0x008000c4                PROVIDE (__bss_start, .)
 *(.bss)
 *(.bss*)
 .bss.NonimalFreq
                0x008000c4        0x4 DeviceSi549.o
 .bss.usbRequest
                0x008000c8        0x1 main.o
 .bss.bIndex    0x008000c9        0x1 main.o
 .bss.wasReset.1895
                0x008000ca        0x1 vusb-20121206/usbdrv/usbdrv.o
 .bss.usbMsgFlags
                0x008000cb        0x1 vusb-20121206/usbdrv/usbdrv.o
 *(COMMON)
 COMMON         0x008000cc        0xc DeviceSi549.o
                0x008000cc                Si_Reg_Data
                0x008000d7                Chip_OffLine
 COMMON         0x008000d8        0x1 I2Copencollector.o
                0x008000d8                I2CErrors
 COMMON         0x008000d9        0x8 main.o
                0x008000d9                replyBuf
 COMMON         0x008000e1       0x36 vusb-20121206/usbdrv/usbdrv.o
                0x008000e1                usbTxBuf
                0x008000ec                usbTxStatus1
                0x008000f8                usbDeviceAddr
                0x008000f9                usbRxToken
                0x008000fa                usbInputBufOffset
                0x008000fb                usbMsgPtr
                0x008000fd                usbRxLen
                0x008000fe                usbNewDeviceAddr
                0x008000ff                usbCurrentTok
                0x00800100                usbConfiguration
                0x00800101                usbRxBuf
                0x00800117                PROVIDE (__bss_end, .)
                0x00001738                __data_load_start = LOADADDR (.data)
                0x0000179c                __data_load_end = (__data_load_start + SIZEOF (.data))

.noinit         0x00800117        0x0
                [!provide]                PROVIDE (__noinit_start, .)
 *(.noinit*)
                [!provide]                PROVIDE (__noinit_end, .)
                0x00800117                _end = .
                [!provide]                PROVIDE (__heap_start, .)

.eeprom         0x00810000       0x49
 *(.eeprom*)
 .eeprom        0x00810000       0x49 DeviceSi549.o
                0x00810000                E
                0x00810049                __eeprom_end = .

.fuse           0x00820000        0x3
 *(.fuse)
 .fuse          0x00820000        0x3 main.o
                0x00820000                __fuse
 *(.lfuse)
 *(.hfuse)
 *(.efuse)

.lock           0x00830000        0x1
 *(.lock*)
 .lock          0x00830000        0x1 main.o
                0x00830000                __lock

.signature
 *(.signature*)

.user_signatures
 *(.user_signatures*)

.stab
 *(.stab)

.stabstr
 *(.stabstr)

.stab.excl
 *(.stab.excl)

.stab.exclstr
 *(.stab.exclstr)

.stab.index
 *(.stab.index)

.stab.indexstr
 *(.stab.indexstr)

.comment        0x00000000       0x30
 *(.comment)
 .comment       0x00000000       0x30 CalcVFO.o
                                 0x31 (size before relaxing)
 .comment       0x00000030       0x31 DeviceSi549.o
 .comment       0x00000030       0x31 FreqFromSi570.o
 .comment       0x00000030       0x31 I2Copencollector.o
 .comment       0x00000030       0x31 main.o
 .comment       0x00000030       0x31 Temperature.o
 .comment       0x00000030       0x31 vusb-20121206/libs-device/osccal.o
 .comment       0x00000030       0x31 vusb-20121206/usbdrv/usbdrv.o

.note.gnu.avr.deviceinfo
                0x00000000       0x3c
 .note.gnu.avr.deviceinfo
                0x00000000       0x3c c:/program files (x86)/atmel/studio/7.0/toolchain/avr8/avr8-gnu-toolchain/bin/../lib/gcc/avr/5.4.0/../../../../avr/lib/avr25/crtattiny85.o

.note.gnu.build-id
 *(.note.gnu.build-id)

.debug
 *(.debug)

.line
 *(.line)

.debug_srcinfo
 *(.debug_srcinfo)

.debug_sfnames
 *(.debug_sfnames)

.debug_aranges  0x00000000      0x1c0
 *(.debug_aranges)
 .debug_aranges
                0x00000000       0x28 CalcVFO.o
 .debug_aranges
                0x00000028       0x50 DeviceSi549.o
 .debug_aranges
                0x00000078       0x20 FreqFromSi570.o
 .debug_aranges
                0x00000098       0x58 I2Copencollector.o
 .debug_aranges
                0x000000f0       0x40 main.o
 .debug_aranges
                0x00000130       0x20 Temperature.o
 .debug_aranges
                0x00000150       0x20 vusb-20121206/libs-device/osccal.o
 .debug_aranges
                0x00000170       0x30 vusb-20121206/usbdrv/usbdrv.o
 .debug_aranges
                0x000001a0       0x20 vusb-20121206/usbdrv/usbdrvasm.o

.debug_pubnames
 *(.debug_pubnames)

.debug_info     0x00000000     0x2f72
 *(.debug_info .gnu.linkonce.wi.*)
 .debug_info    0x00000000      0x420 c:/program files (x86)/atmel/studio/7.0/toolchain/avr8/avr8-gnu-toolchain/bin/../lib/gcc/avr/5.4.0/../../../../avr/lib/avr25/crtattiny85.o
 .debug_info    0x00000420      0x3ee CalcVFO.o
 .debug_info    0x0000080e      0xbb4 DeviceSi549.o
 .debug_info    0x000013c2      0x166 FreqFromSi570.o
 .debug_info    0x00001528      0x453 I2Copencollector.o
 .debug_info    0x0000197b      0xa36 main.o
 .debug_info    0x000023b1       0xac Temperature.o
 .debug_info    0x0000245d      0x105 vusb-20121206/libs-device/osccal.o
 .debug_info    0x00002562      0x988 vusb-20121206/usbdrv/usbdrv.o
 .debug_info    0x00002eea       0x88 vusb-20121206/usbdrv/usbdrvasm.o

.debug_abbrev   0x00000000     0x1220
 *(.debug_abbrev)
 .debug_abbrev  0x00000000      0x3e8 c:/program files (x86)/atmel/studio/7.0/toolchain/avr8/avr8-gnu-toolchain/bin/../lib/gcc/avr/5.4.0/../../../../avr/lib/avr25/crtattiny85.o
 .debug_abbrev  0x000003e8      0x1d0 CalcVFO.o
 .debug_abbrev  0x000005b8      0x32b DeviceSi549.o
 .debug_abbrev  0x000008e3       0x89 FreqFromSi570.o
 .debug_abbrev  0x0000096c      0x17b I2Copencollector.o
 .debug_abbrev  0x00000ae7      0x309 main.o
 .debug_abbrev  0x00000df0       0x62 Temperature.o
 .debug_abbrev  0x00000e52       0x9d vusb-20121206/libs-device/osccal.o
 .debug_abbrev  0x00000eef      0x31d vusb-20121206/usbdrv/usbdrv.o
 .debug_abbrev  0x0000120c       0x14 vusb-20121206/usbdrv/usbdrvasm.o

.debug_line     0x00000000     0x1f4a
 *(.debug_line .debug_line.* .debug_line_end)
 .debug_line    0x00000000       0x1a c:/program files (x86)/atmel/studio/7.0/toolchain/avr8/avr8-gnu-toolchain/bin/../lib/gcc/avr/5.4.0/../../../../avr/lib/avr25/crtattiny85.o
 .debug_line    0x0000001a      0x136 CalcVFO.o
 .debug_line    0x00000150      0x4aa DeviceSi549.o
 .debug_line    0x000005fa       0xe1 FreqFromSi570.o
 .debug_line    0x000006db      0x2cc I2Copencollector.o
 .debug_line    0x000009a7      0x660 main.o
 .debug_line    0x00001007       0xca Temperature.o
 .debug_line    0x000010d1      0x143 vusb-20121206/libs-device/osccal.o
 .debug_line    0x00001214      0x416 vusb-20121206/usbdrv/usbdrv.o
 .debug_line    0x0000162a      0x920 vusb-20121206/usbdrv/usbdrvasm.o

.debug_frame    0x00000000      0x3d4
 *(.debug_frame)
 .debug_frame   0x00000000       0x80 CalcVFO.o
 .debug_frame   0x00000080      0x110 DeviceSi549.o
 .debug_frame   0x00000190       0x4c FreqFromSi570.o
 .debug_frame   0x000001dc       0xb0 I2Copencollector.o
 .debug_frame   0x0000028c       0x84 main.o
 .debug_frame   0x00000310       0x24 Temperature.o
 .debug_frame   0x00000334       0x48 vusb-20121206/libs-device/osccal.o
 .debug_frame   0x0000037c       0x58 vusb-20121206/usbdrv/usbdrv.o

.debug_str      0x00000000      0xc57
 *(.debug_str)
 .debug_str     0x00000000      0x169 c:/program files (x86)/atmel/studio/7.0/toolchain/avr8/avr8-gnu-toolchain/bin/../lib/gcc/avr/5.4.0/../../../../avr/lib/avr25/crtattiny85.o
 .debug_str     0x00000169      0x2a7 CalcVFO.o
                                0x2ed (size before relaxing)
 .debug_str     0x00000410      0x2a3 DeviceSi549.o
                                0x544 (size before relaxing)
 .debug_str     0x000006b3       0x31 FreqFromSi570.o
                                0x19c (size before relaxing)
 .debug_str     0x000006e4       0x78 I2Copencollector.o
                                0x23c (size before relaxing)
 .debug_str     0x0000075c      0x1b3 main.o
                                0x5be (size before relaxing)
 .debug_str     0x0000090f       0x18 Temperature.o
                                0x192 (size before relaxing)
 .debug_str     0x00000927       0x84 vusb-20121206/libs-device/osccal.o
                                0x1e6 (size before relaxing)
 .debug_str     0x000009ab      0x2ac vusb-20121206/usbdrv/usbdrv.o
                                0x503 (size before relaxing)

.debug_loc      0x00000000     0x1e72
 *(.debug_loc)
 .debug_loc     0x00000000      0x1c2 CalcVFO.o
 .debug_loc     0x000001c2      0x5d3 DeviceSi549.o
 .debug_loc     0x00000795      0x2f9 FreqFromSi570.o
 .debug_loc     0x00000a8e      0x3eb I2Copencollector.o
 .debug_loc     0x00000e79      0x493 main.o
 .debug_loc     0x0000130c      0x14e vusb-20121206/libs-device/osccal.o
 .debug_loc     0x0000145a      0xa18 vusb-20121206/usbdrv/usbdrv.o

.debug_macinfo
 *(.debug_macinfo)

.debug_weaknames
 *(.debug_weaknames)

.debug_funcnames
 *(.debug_funcnames)

.debug_typenames
 *(.debug_typenames)

.debug_varnames
 *(.debug_varnames)

.debug_pubtypes
 *(.debug_pubtypes)

.debug_ranges   0x00000000      0x248
 *(.debug_ranges)
 .debug_ranges  0x00000000       0x30 CalcVFO.o
 .debug_ranges  0x00000030       0x40 DeviceSi549.o
 .debug_ranges  0x00000070       0x10 FreqFromSi570.o
 .debug_ranges  0x00000080       0x48 I2Copencollector.o
 .debug_ranges  0x000000c8       0x48 main.o
 .debug_ranges  0x00000110       0x10 Temperature.o
 .debug_ranges  0x00000120       0x10 vusb-20121206/libs-device/osccal.o
 .debug_ranges  0x00000130      0x118 vusb-20121206/usbdrv/usbdrv.o

.debug_macro
 *(.debug_macro)
OUTPUT(AVR-Firmware-attiny85.elf elf32-avr)
LOAD linker stubs
